====================================
Analysis started at Mon Dec 29 09:22:01 EST 2025
====================================

> josemadrid-salsa@0.1.0 analyze
> tsx scripts/analyze-project.ts

🚀 José Madrid Salsa - Project Analyzer

📁 Project Root: /Users/jordanlang/Repos/josemadridsalsa
📊 Output Dir: /Users/jordanlang/Repos/josemadridsalsa/.project-analysis

━━━━━━━━━━━━━━━━━━━━━━━━━━━━━━━━━━━━━━━━
PHASE 1: FILE SCANNING
━━━━━━━━━━━━━━━━━━━━━━━━━━━━━━━━━━━━━━━━

🔍 Scanning codebase...
✅ Found:
  - 86 pages
  - 63 API routes
  - 72 components
  - 79 utility files
  - 6 test files
  - Prisma schema: Yes


━━━━━━━━━━━━━━━━━━━━━━━━━━━━━━━━━━━━━━━━
PHASE 2: ANALYZING METRICS
━━━━━━━━━━━━━━━━━━━━━━━━━━━━━━━━━━━━━━━━

📱 Analyzing frontend pages...
⚙️  Analyzing backend API routes...
🗄️  Analyzing database schema...
  ✅ Models: 57
  ✅ Relationships: 34
  📊 Index coverage: 100%
  🌱 Seed data: Yes
  📊 Completion: 100%

  ✅ Pages analyzed: 86
  ✅ Complete (≥80%): 24
  🚧 In Progress (30-79%): 62
  📊 Average completion: 66%
  📝 TypeScript coverage: 100%

  ✅ API routes analyzed: 63
  ✅ Complete (≥80%): 12
  🔒 Auth coverage: 41%
  ✔️  Validation coverage: 40%
  📊 Average completion: 67%


━━━━━━━━━━━━━━━━━━━━━━━━━━━━━━━━━━━━━━━━
PHASE 3: SCANNING TECHNICAL DEBT
━━━━━━━━━━━━━━━━━━━━━━━━━━━━━━━━━━━━━━━━

🔍 Scanning for technical debt...
  📊 Technical Debt Score: 48/100 (lower is better)
  ⚠️  TODOs: 4
  🐛 Console.logs: 262
  ❓ Any types: 146
  🔒 Potential secrets: 0
  💬 Commented code blocks: 1


━━━━━━━━━━━━━━━━━━━━━━━━━━━━━━━━━━━━━━━━
PHASE 4: GENERATING SUGGESTIONS
━━━━━━━━━━━━━━━━━━━━━━━━━━━━━━━━━━━━━━━━

💡 Generating feature suggestions...
  🔴 Critical: 2
  🟡 Recommended: 4
  🟢 Nice-to-have: 5
  🔵 Future: 4


━━━━━━━━━━━━━━━━━━━━━━━━━━━━━━━━━━━━━━━━
PHASE 5: GENERATING WORK SESSION
━━━━━━━━━━━━━━━━━━━━━━━━━━━━━━━━━━━━━━━━

📋 Generating 5-hour work session...
  📦 Session #2
  🎯 Focus: Critical E-commerce Features
  ⏱️  Estimated: 5 hours
  ✅ Tasks: 2
  📊 Projected completion: 68%


━━━━━━━━━━━━━━━━━━━━━━━━━━━━━━━━━━━━━━━━
SAVING RESULTS
━━━━━━━━━━━━━━━━━━━━━━━━━━━━━━━━━━━━━━━━

✅ Saved current analysis: /Users/jordanlang/Repos/josemadridsalsa/.project-analysis/current.json
✅ Saved to history: /Users/jordanlang/Repos/josemadridsalsa/.project-analysis/history/2025-12-29-run-2.json
✅ Saved work session: /Users/jordanlang/Repos/josemadridsalsa/.project-analysis/session-2.json


━━━━━━━━━━━━━━━━━━━━━━━━━━━━━━━━━━━━━━━━
📊 ANALYSIS COMPLETE
━━━━━━━━━━━━━━━━━━━━━━━━━━━━━━━━━━━━━━━━

🎯 Overall Completion: 78%
📱 Frontend: 66%
⚙️  Backend: 67%
🗄️  Database: 100%
🔍 Technical Debt Score: 48/100
💡 Feature Suggestions: 2 critical, 4 recommended

📋 Next Work Session:
   Focus: Critical E-commerce Features
   Tasks: 2
   Estimated: 5 hours

✅ Results saved to: /Users/jordanlang/Repos/josemadridsalsa/.project-analysis

💻 View dashboard: http://localhost:3000/admin/project-status
Analysis completed at Mon Dec 29 09:22:03 EST 2025

====================================
Analysis started at Mon Dec 29 10:00:00 EST 2025
====================================

> josemadrid-salsa@0.1.0 analyze
> tsx scripts/analyze-project.ts

🚀 José Madrid Salsa - Project Analyzer

📁 Project Root: /Users/jordanlang/Repos/josemadridsalsa
📊 Output Dir: /Users/jordanlang/Repos/josemadridsalsa/.project-analysis

━━━━━━━━━━━━━━━━━━━━━━━━━━━━━━━━━━━━━━━━
PHASE 1: FILE SCANNING
━━━━━━━━━━━━━━━━━━━━━━━━━━━━━━━━━━━━━━━━

🔍 Scanning codebase...
✅ Found:
  - 87 pages
  - 64 API routes
  - 72 components
  - 79 utility files
  - 6 test files
  - Prisma schema: Yes


━━━━━━━━━━━━━━━━━━━━━━━━━━━━━━━━━━━━━━━━
PHASE 2: ANALYZING METRICS
━━━━━━━━━━━━━━━━━━━━━━━━━━━━━━━━━━━━━━━━

📱 Analyzing frontend pages...
⚙️  Analyzing backend API routes...
🗄️  Analyzing database schema...
  ✅ Models: 57
  ✅ Relationships: 34
  📊 Index coverage: 100%
  🌱 Seed data: Yes
  📊 Completion: 100%

  ✅ Pages analyzed: 87
  ✅ Complete (≥80%): 25
  🚧 In Progress (30-79%): 62
  📊 Average completion: 66%
  📝 TypeScript coverage: 100%

  ✅ API routes analyzed: 64
  ✅ Complete (≥80%): 13
  🔒 Auth coverage: 42%
  ✔️  Validation coverage: 42%
  📊 Average completion: 68%


━━━━━━━━━━━━━━━━━━━━━━━━━━━━━━━━━━━━━━━━
PHASE 3: SCANNING TECHNICAL DEBT
━━━━━━━━━━━━━━━━━━━━━━━━━━━━━━━━━━━━━━━━

🔍 Scanning for technical debt...
  📊 Technical Debt Score: 48/100 (lower is better)
  ⚠️  TODOs: 4
  🐛 Console.logs: 266
  ❓ Any types: 151
  🔒 Potential secrets: 0
  💬 Commented code blocks: 1


━━━━━━━━━━━━━━━━━━━━━━━━━━━━━━━━━━━━━━━━
PHASE 4: GENERATING SUGGESTIONS
━━━━━━━━━━━━━━━━━━━━━━━━━━━━━━━━━━━━━━━━

💡 Generating feature suggestions...
  🔴 Critical: 1
  🟡 Recommended: 4
  🟢 Nice-to-have: 5
  🔵 Future: 4


━━━━━━━━━━━━━━━━━━━━━━━━━━━━━━━━━━━━━━━━
PHASE 5: GENERATING WORK SESSION
━━━━━━━━━━━━━━━━━━━━━━━━━━━━━━━━━━━━━━━━

📋 Generating 5-hour work session...
  📦 Session #4
  🎯 Focus: Critical E-commerce Features
  ⏱️  Estimated: 5 hours
  ✅ Tasks: 1
  📊 Projected completion: 68%


━━━━━━━━━━━━━━━━━━━━━━━━━━━━━━━━━━━━━━━━
SAVING RESULTS
━━━━━━━━━━━━━━━━━━━━━━━━━━━━━━━━━━━━━━━━

✅ Saved current analysis: /Users/jordanlang/Repos/josemadridsalsa/.project-analysis/current.json
✅ Saved to history: /Users/jordanlang/Repos/josemadridsalsa/.project-analysis/history/2025-12-29-run-4.json
✅ Saved work session: /Users/jordanlang/Repos/josemadridsalsa/.project-analysis/session-4.json


━━━━━━━━━━━━━━━━━━━━━━━━━━━━━━━━━━━━━━━━
📊 ANALYSIS COMPLETE
━━━━━━━━━━━━━━━━━━━━━━━━━━━━━━━━━━━━━━━━

🎯 Overall Completion: 78%
📱 Frontend: 66%
⚙️  Backend: 68%
🗄️  Database: 100%
🔍 Technical Debt Score: 48/100
💡 Feature Suggestions: 1 critical, 4 recommended

📋 Next Work Session:
   Focus: Critical E-commerce Features
   Tasks: 1
   Estimated: 5 hours

✅ Results saved to: /Users/jordanlang/Repos/josemadridsalsa/.project-analysis

💻 View dashboard: http://localhost:3000/admin/project-status
Analysis completed at Mon Dec 29 10:00:02 EST 2025

====================================
Starting autonomous execution at Mon Dec 29 10:00:02 EST 2025
====================================
Autonomous execution completed at Mon Dec 29 10:00:04 EST 2025

